// Jest Snapshot v1, https://goo.gl/fbAQLP

exports[`should render expenseList with empty message 1`] = `
<div
  className="content-container"
>
  <div
    className="list-header"
  >
    <div
      className="show-for-mobile"
    >
      Expenses
    </div>
    <div
      className="show-for-desktop"
    >
      Expense
    </div>
    <div
      className="show-for-desktop"
    >
      Amount
    </div>
  </div>
  <div
    className="list-body"
  >
    <div
      className="list-item list-item--message"
    >
      <p>
        No expenses
      </p>
    </div>
  </div>
</div>
`;

exports[`should render expenseList with expenses 1`] = `
<div
  className="content-container"
>
  <div
    className="list-header"
  >
    <div
      className="show-for-mobile"
    >
      Expenses
    </div>
    <div
      className="show-for-desktop"
    >
      Expense
    </div>
    <div
      className="show-for-desktop"
    >
      Amount
    </div>
  </div>
  <div
    className="list-body"
  >
    <ExpenseListItem
      amount={4500}
      createdAt={0}
      description="A new description"
      id="1"
      key="1"
      note="A new note"
    />
    <ExpenseListItem
      amount={450}
      createdAt={345600000}
      description="Mac"
      id="2"
      key="2"
      note=""
    />
    <ExpenseListItem
      amount={3}
      createdAt={2073600000}
      description="Credit card"
      id="3"
      key="3"
      note="visa"
    />
    <ExpenseListItem
      amount={5}
      createdAt={-345600000}
      description="Gum"
      id="4"
      key="4"
      note="Chewy"
    />
  </div>
</div>
`;
